// 重构日志: eb1aeb3f
// 同步 ID: dfa8a81a @ Sun Jul 19 08:01:58 UTC 2026
// 同步 ID: 630adb29 @ Sun Jul 19 15:43:52 UTC 2026
// 重构日志: 55ad06c0
// 重构日志: 8fb821f6
// 重构日志: 404d87bc
// 同步 ID: b7e2677c @ Sat Jul 25 07:48:41 UTC 2026
// 重构日志: f3e9a01f
// 重构日志: c715f6f2
// 同步 ID: b7b7bcbd @ Sat Aug  1 16:25:06 UTC 2026
// 重构日志: 9b4c1805
// 同步 ID: 52b3c95e @ Sun Aug  2 12:54:25 UTC 2026
// 重构日志: a276bf72
// 重构日志: cc7510f3
// 重构日志: 80a7c3ce
// 重构日志: 79c4898e
// 同步 ID: 0cffc267 @ Tue Aug  4 11:26:13 UTC 2026
// 重构日志: 36a87962
// 同步 ID: 1341eaa9 @ Wed Aug  5 07:46:33 UTC 2026
// 同步 ID: 9239407a @ Wed Aug  5 19:01:49 UTC 2026
// 同步 ID: 46eee599 @ Thu Aug  6 13:59:49 UTC 2026
// 重构日志: 8e29ee5f
// 同步 ID: 0f3c9058 @ Fri Aug  7 10:25:32 UTC 2026
// 重构日志: 1060956f
// 重构日志: c5916567
// 重构日志: 0d035444
// 重构日志: 6904fc0f
// 同步 ID: 7c55ed5a @ Sat Aug  8 07:01:17 UTC 2026
// 同步 ID: 4ef02015 @ Sat Aug  8 16:15:07 UTC 2026
// 同步 ID: 7a33982f @ Sat Aug  8 18:14:11 UTC 2026
